[play.cprewritten.net/index.html]
[backblue.gif]
[fade.gif]
[index.html]
[play.cprewritten.net/assets/themes/snowball/fonts/ProximaNova-Bold.woff2]
[play.cprewritten.net/assets/themes/snowball/fonts/CCFaceFrontW00-BoldItalic.woff2]
[play.cprewritten.net/assets/themes/snowball/fonts/ArialNarrow.woff2]
[play.cprewritten.net/assets/themes/snowball/web/favicon.ico]
[play.cprewritten.net/assets/themes/snowball/web/manifest.json]
[dsh7ky7308k4b.cloudfront.net/publishers/j-cprewrittennet.min.js]
[cdn.jsdelivr.net/npm/ismobilejs@0.5.1/dist/isMobile.min.js]
[www.googletagservices.com/tag/js/gpt.js]
[quantcast.mgr.consensu.org/cmp.js]
[pubgalaxy-com.videoplayerhub.com/gallery.js]
[play.cprewritten.net/assets/themes/snowball/fonts/CCFaceFrontW00-BoldItalic.eot]
[play.cprewritten.net/assets/themes/snowball/fonts/CCFaceFrontW00-BoldItalicd41d.eot]
[play.cprewritten.net/assets/themes/snowball/fonts/CCFaceFrontW00-BoldItalic.woff]
[play.cprewritten.net/assets/themes/snowball/fonts/CCFaceFrontW00-BoldItalic.ttf]
[play.cprewritten.net/assets/themes/snowball/fonts/CCFaceFrontW00-BoldItalic.svg]
[play.cprewritten.net/assets/themes/snowball/fonts/ArialNarrow-Bold.eot]
[play.cprewritten.net/assets/themes/snowball/fonts/ArialNarrow-Boldd41d.eot]
[play.cprewritten.net/assets/themes/snowball/fonts/ArialNarrow-Bold.woff2]
[play.cprewritten.net/assets/themes/snowball/fonts/ArialNarrow-Bold.woff]
[play.cprewritten.net/assets/themes/snowball/fonts/ArialNarrow-Bold.ttf]
[play.cprewritten.net/assets/themes/snowball/fonts/ArialNarrow-Bold.svg]
[play.cprewritten.net/assets/themes/snowball/fonts/ArialNarrow.eot]
[play.cprewritten.net/assets/themes/snowball/fonts/ArialNarrowd41d.eot]
[play.cprewritten.net/assets/themes/snowball/fonts/ArialNarrow.woff]
[play.cprewritten.net/assets/themes/snowball/fonts/ArialNarrow.ttf]
[play.cprewritten.net/assets/themes/snowball/fonts/ArialNarrow.svg]
[play.cprewritten.net/assets/themes/snowball/fonts/ProximaNova-Bold.eot]
[play.cprewritten.net/assets/themes/snowball/fonts/ProximaNova-Boldd41d.eot]
[play.cprewritten.net/assets/themes/snowball/fonts/ProximaNova-Bold.woff]
[play.cprewritten.net/assets/themes/snowball/fonts/ProximaNova-Bold.ttf]
[play.cprewritten.net/assets/themes/snowball/fonts/ProximaNova-Bold.svg]
[play.cprewritten.net/assets/themes/snowball/fonts/ProximaNova-Regular.eot]
[play.cprewritten.net/assets/themes/snowball/fonts/ProximaNova-Regulard41d.eot]
[play.cprewritten.net/assets/themes/snowball/fonts/ProximaNova-Regular.woff2]
[play.cprewritten.net/assets/themes/snowball/fonts/ProximaNova-Regular.woff]
[play.cprewritten.net/assets/themes/snowball/fonts/ProximaNova-Regular.ttf]
[play.cprewritten.net/assets/themes/snowball/fonts/ProximaNova-Regular.svg]
[play.cprewritten.net/assets/themes/snowball/img/xnav-sprites.min.webp.pagespeed.ic.wUCQv1rXHR.webp]
[play.cprewritten.net/assets/themes/snowball/img/nav-sprites.min.png.pagespeed.ce.BPQ54cBASm.png]
[play.cprewritten.net/assets/themes/snowball/img/friends/friends_sprites.min.png.pagespeed.ce.406XqDXfIy.png]
[play.cprewritten.net/assets/themes/snowball/img/xcaptcha-bot.min.png.pagespeed.ic.Q5qT1jIqZc.png]
[play.cprewritten.net/.html]
[play.cprewritten.net/assets/themes/snowball/img/flash-notice-bg.min.png.pagespeed.ce.LsUAA5AHi0.png]
[play.cprewritten.net/assets/themes/snowball/img/logo.min.png.pagespeed.ce.LabHRI8I15.png]
[play.cprewritten.net/assets/themes/snowball/media/firefox-trick.swf]
[play.cprewritten.net/get]
[play.cprewritten.net/media/v2/content/local/en/start/index.html]
[polyfill.io/v3/polyfill.minf90e.js]
[play.cprewritten.net/assets/themes/snowball/js/protobuf.min.js.pagespeed.jm.1jwR9fEjL4.js]
[play.cprewritten.net/media/v2/content/local/en/start/billboards/index.html]
[play.cprewritten.net/assets/themes/snowball/js/fast-sort.js.pagespeed.ce.x3ikjmHODM.js]
[play.cprewritten.net/assets/themes/snowball/js/friends.min.js.pagespeed.jm.YLnw2j4Uga.js]
[www.google.com/recaptcha/apib091.js]
[play.cprewritten.net/index.html]
[play.cprewritten.net/assets/themes/snowball/fonts/CCFaceFrontW00-BoldItalic.svg]
[play.cprewritten.net/assets/themes/snowball/fonts/ArialNarrow-Bold.svg]
[play.cprewritten.net/assets/themes/snowball/fonts/ArialNarrow.svg]
[play.cprewritten.net/assets/themes/snowball/fonts/ProximaNova-Bold.svg]
[ajax.cloudflare.com/cdn-cgi/scripts/7089c43e/cloudflare-static/rocket-loader.min.js]
[play.cprewritten.net/assets/themes/snowball/fonts/ProximaNova-Regular.svg]
[play.cprewritten.net/.html]
[play.cprewritten.net/media/v2/content/local/en/start/index.html]
[play.cprewritten.net/media/v2/content/local/en/start/billboards/index.html]
[play.cprewritten.net/get.html]
